N=5: S, old shifts (distinct), new shifts (distinct), new max gap-min gap
  S=2: old [0, 1, 0, 1, 0] (2) new [0, 0, 0, 1, 1] (2) gaps [None, None, None, None, None]
  S=3: old [0, 1, 2, 0, 1] (3) new [0, 0, 1, 1, 2] (3) gaps [None, None, None, None, None]
  S=4: old [0, 1, 2, 3, 0] (4) new [0, 0, 1, 2, 3] (4) gaps [None, None, None, None, None]
  S=5: old [0, 1, 2, 3, 4] (5) new [0, 1, 2, 3, 4] (5) gaps [1, 1, 1, 1, 1]
  S=6: old [0, 2, 4, 0, 2] (3) new [0, 1, 2, 3, 4] (5) gaps [1, 1, 1, 1, 2]
  S=7: old [0, 2, 4, 6, 1] (5) new [0, 1, 2, 4, 5] (5) gaps [1, 1, 2, 1, 2]
  S=8: old [0, 2, 4, 6, 0] (4) new [0, 1, 3, 4, 6] (5) gaps [1, 2, 1, 2, 2]
  S=9: old [0, 2, 4, 6, 8] (5) new [0, 1, 3, 5, 7] (5) gaps [1, 2, 2, 2, 2]
  S=10: old [0, 2, 4, 6, 8] (5) new [0, 2, 4, 6, 8] (5) gaps [2, 2, 2, 2, 2]
  S=11: old [0, 3, 6, 9, 1] (5) new [0, 2, 4, 6, 8] (5) gaps [2, 2, 2, 2, 3]
  S=12: old [0, 3, 6, 9, 0] (4) new [0, 2, 4, 7, 9] (5) gaps [2, 2, 3, 2, 3]
  S=13: old [0, 3, 6, 9, 12] (5) new [0, 2, 5, 7, 10] (5) gaps [2, 3, 2, 3, 3]
  S=14: old [0, 3, 6, 9, 12] (5) new [0, 2, 5, 8, 11] (5) gaps [2, 3, 3, 3, 3]
  S=15: old [0, 3, 6, 9, 12] (5) new [0, 3, 6, 9, 12] (5) gaps [3, 3, 3, 3, 3]
  S=16: old [0, 4, 8, 12, 0] (4) new [0, 3, 6, 9, 12] (5) gaps [3, 3, 3, 3, 4]
  S=17: old [0, 4, 8, 12, 16] (5) new [0, 3, 6, 10, 13] (5) gaps [3, 3, 4, 3, 4]
  S=18: old [0, 4, 8, 12, 16] (5) new [0, 3, 7, 10, 14] (5) gaps [3, 4, 3, 4, 4]
  S=19: old [0, 4, 8, 12, 16] (5) new [0, 3, 7, 11, 15] (5) gaps [3, 4, 4, 4, 4]
  S=20: old [0, 4, 8, 12, 16] (5) new [0, 4, 8, 12, 16] (5) gaps [4, 4, 4, 4, 4]
  S in 2..40 with fewer than min(N,S) distinct shifts: old [6, 8, 12, 16]; new []
N=3: S, old shifts (distinct), new shifts (distinct), new max gap-min gap
  S=2: old [0, 1, 0] (2) new [0, 0, 1] (2) gaps [None, None, None]
  S=3: old [0, 1, 2] (3) new [0, 1, 2] (3) gaps [1, 1, 1]
  S=4: old [0, 2, 0] (2) new [0, 1, 2] (3) gaps [1, 1, 2]
  S=5: old [0, 2, 4] (3) new [0, 1, 3] (3) gaps [1, 2, 2]
  S=6: old [0, 2, 4] (3) new [0, 2, 4] (3) gaps [2, 2, 2]
  S=7: old [0, 3, 6] (3) new [0, 2, 4] (3) gaps [2, 2, 3]
  S=8: old [0, 3, 6] (3) new [0, 2, 5] (3) gaps [2, 3, 3]
  S=9: old [0, 3, 6] (3) new [0, 3, 6] (3) gaps [3, 3, 3]
  S=10: old [0, 4, 8] (3) new [0, 3, 6] (3) gaps [3, 3, 4]
  S=11: old [0, 4, 8] (3) new [0, 3, 7] (3) gaps [3, 4, 4]
  S=12: old [0, 4, 8] (3) new [0, 4, 8] (3) gaps [4, 4, 4]
  S=13: old [0, 5, 10] (3) new [0, 4, 8] (3) gaps [4, 4, 5]
  S=14: old [0, 5, 10] (3) new [0, 4, 9] (3) gaps [4, 5, 5]
  S=15: old [0, 5, 10] (3) new [0, 5, 10] (3) gaps [5, 5, 5]
  S=16: old [0, 6, 12] (3) new [0, 5, 10] (3) gaps [5, 5, 6]
  S=17: old [0, 6, 12] (3) new [0, 5, 11] (3) gaps [5, 6, 6]
  S=18: old [0, 6, 12] (3) new [0, 6, 12] (3) gaps [6, 6, 6]
  S=19: old [0, 7, 14] (3) new [0, 6, 12] (3) gaps [6, 6, 7]
  S=20: old [0, 7, 14] (3) new [0, 6, 13] (3) gaps [6, 7, 7]
  S in 2..40 with fewer than min(N,S) distinct shifts: old [4]; new []
